#! /c/Source/iverilog-install/bin/vvp
:ivl_version "12.0 (devel)" "(s20150603-1539-g2693dd32b)";
:ivl_delay_selection "TYPICAL";
:vpi_time_precision - 12;
:vpi_module "C:\iverilog\lib\ivl\system.vpi";
:vpi_module "C:\iverilog\lib\ivl\vhdl_sys.vpi";
:vpi_module "C:\iverilog\lib\ivl\vhdl_textio.vpi";
:vpi_module "C:\iverilog\lib\ivl\v2005_math.vpi";
:vpi_module "C:\iverilog\lib\ivl\va_math.vpi";
S_00000294089fbf50 .scope module, "tb_test" "tb_test" 2 5;
 .timescale -9 -12;
P_00000294089fafc0 .param/l "PERIOD" 0 2 8, +C4<00000000000000000000000000001010>;
v0000029408835930_0 .var "clk", 0 0;
v00000294089fc270_0 .var "data", 7 0;
v00000294089fc310_0 .net "position", 3 0, v0000029408813280_0;  1 drivers
S_00000294089fc0e0 .scope module, "ffo" "find_first_one" 2 23, 3 1 0, S_00000294089fbf50;
 .timescale -9 -12;
    .port_info 0 /INPUT 1 "clk";
    .port_info 1 /INPUT 8 "data";
    .port_info 2 /OUTPUT 4 "cnt";
v0000029408812ef0_0 .net "clk", 0 0, v0000029408835930_0;  1 drivers
v0000029408813280_0 .var "cnt", 3 0;
v0000029408812c70_0 .net "data", 7 0, v00000294089fc270_0;  1 drivers
E_00000294089fa440 .event posedge, v0000029408812ef0_0;
    .scope S_00000294089fc0e0;
T_0 ;
    %pushi/vec4 0, 0, 4;
    %store/vec4 v0000029408813280_0, 0, 4;
    %end;
    .thread T_0;
    .scope S_00000294089fc0e0;
T_1 ;
    %wait E_00000294089fa440;
    %load/vec4 v0000029408812c70_0;
    %parti/s 1, 0, 2;
    %pad/u 4;
    %load/vec4 v0000029408812c70_0;
    %parti/s 1, 1, 2;
    %pad/u 4;
    %add;
    %load/vec4 v0000029408812c70_0;
    %parti/s 1, 2, 3;
    %pad/u 4;
    %load/vec4 v0000029408812c70_0;
    %parti/s 1, 3, 3;
    %pad/u 4;
    %add;
    %add;
    %load/vec4 v0000029408812c70_0;
    %parti/s 1, 4, 4;
    %pad/u 4;
    %load/vec4 v0000029408812c70_0;
    %parti/s 1, 5, 4;
    %pad/u 4;
    %add;
    %load/vec4 v0000029408812c70_0;
    %parti/s 1, 6, 4;
    %pad/u 4;
    %load/vec4 v0000029408812c70_0;
    %parti/s 1, 7, 4;
    %pad/u 4;
    %add;
    %add;
    %add;
    %store/vec4 v0000029408813280_0, 0, 4;
    %jmp T_1;
    .thread T_1;
    .scope S_00000294089fbf50;
T_2 ;
    %pushi/vec4 0, 0, 8;
    %store/vec4 v00000294089fc270_0, 0, 8;
    %pushi/vec4 1, 0, 1;
    %store/vec4 v0000029408835930_0, 0, 1;
    %end;
    .thread T_2;
    .scope S_00000294089fbf50;
T_3 ;
T_3.0 ;
    %delay 5000, 0;
    %load/vec4 v0000029408835930_0;
    %inv;
    %store/vec4 v0000029408835930_0, 0, 1;
    %jmp T_3.0;
    %end;
    .thread T_3;
    .scope S_00000294089fbf50;
T_4 ;
    %vpi_call 2 31 "$dumpfile", "test.vcd" {0 0 0};
    %vpi_call 2 32 "$dumpvars" {0 0 0};
    %delay 10000, 0;
    %pushi/vec4 240, 0, 8;
    %store/vec4 v00000294089fc270_0, 0, 8;
    %delay 10000, 0;
    %pushi/vec4 246, 0, 8;
    %store/vec4 v00000294089fc270_0, 0, 8;
    %delay 10000, 0;
    %pushi/vec4 224, 0, 8;
    %store/vec4 v00000294089fc270_0, 0, 8;
    %delay 10000, 0;
    %pushi/vec4 191, 0, 8;
    %store/vec4 v00000294089fc270_0, 0, 8;
    %delay 10000, 0;
    %vpi_call 2 42 "$finish" {0 0 0};
    %end;
    .thread T_4;
# The file index is used to find the file name in the following table.
:file_names 4;
    "N/A";
    "<interactive>";
    "tb_test.v";
    "./test.v";
